%!Adobe-FontList 1.23
%Locale:0x409

%BeginFont
Handler:DirectoryHandler
FontType:Invalid
OutlineFileName:C:\Users\piesc\OneDrive\Desktop\Project Submission Dicoding\Font\Nyoh\NoyhSlim-Black.eot
FileModTime:1624126224
%EndFont

%BeginFont
Handler:DirectoryHandler
FontType:TrueType
FontName:NoyhSlim-Black
FamilyName:Noyh Slim
StyleName:Black
FullName:Noyh Slim Black
MenuName:Noyh Slim Black
StyleBits:0
WritingScript:Roman
OutlineFileName:C:\Users\piesc\OneDrive\Desktop\Project Submission Dicoding\Font\Nyoh\NoyhSlim-Black.ttf
DataFormat:sfntData
hasSVG:no
hasCOLR:no
VariableFontType:NonVariableFont
FileLength:109096
FileModTime:1624126224
WeightClass:400
WidthClass:5
AngleClass:0
NameArray:0,Mac,4,Noyh Slim Black
NameArray:0,Win,1,Noyh Slim Black
NameArray:0,Win,16,Noyh Slim
%EndFont

%BeginFont
Handler:DirectoryHandler
FontType:Invalid
OutlineFileName:C:\Users\piesc\OneDrive\Desktop\Project Submission Dicoding\Font\Nyoh\NoyhSlim-Black.woff
FileModTime:1624126224
%EndFont

%BeginFont
Handler:DirectoryHandler
FontType:Invalid
OutlineFileName:C:\Users\piesc\OneDrive\Desktop\Project Submission Dicoding\Font\Nyoh\NoyhSlim-Black.woff2
FileModTime:1624126225
%EndFont

%BeginFont
Handler:DirectoryHandler
FontType:Invalid
OutlineFileName:C:\Users\piesc\OneDrive\Desktop\Project Submission Dicoding\Font\Nyoh\NoyhSlim-BlackItalic.eot
FileModTime:1624126228
%EndFont

%BeginFont
Handler:DirectoryHandler
FontType:TrueType
FontName:NoyhSlim-BlackItalic
FamilyName:Noyh Slim
StyleName:Black Italic
FullName:Noyh Slim Black Italic
MenuName:Noyh Slim Black Italic
StyleBits:0
WritingScript:Roman
OutlineFileName:C:\Users\piesc\OneDrive\Desktop\Project Submission Dicoding\Font\Nyoh\NoyhSlim-BlackItalic.ttf
DataFormat:sfntData
hasSVG:no
hasCOLR:no
VariableFontType:NonVariableFont
FileLength:94696
FileModTime:1624126228
WeightClass:400
WidthClass:5
AngleClass:0
NameArray:0,Mac,4,Noyh Slim Black Italic
NameArray:0,Win,1,Noyh Slim Black Italic
NameArray:0,Win,16,Noyh Slim
%EndFont

%BeginFont
Handler:DirectoryHandler
FontType:Invalid
OutlineFileName:C:\Users\piesc\OneDrive\Desktop\Project Submission Dicoding\Font\Nyoh\NoyhSlim-BlackItalic.woff
FileModTime:1624126228
%EndFont

%BeginFont
Handler:DirectoryHandler
FontType:Invalid
OutlineFileName:C:\Users\piesc\OneDrive\Desktop\Project Submission Dicoding\Font\Nyoh\NoyhSlim-BlackItalic.woff2
FileModTime:1624126228
%EndFont

%BeginFont
Handler:DirectoryHandler
FontType:Invalid
OutlineFileName:C:\Users\piesc\OneDrive\Desktop\Project Submission Dicoding\Font\Nyoh\NoyhSlim-Bold.eot
FileModTime:1624126229
%EndFont

%BeginFont
Handler:DirectoryHandler
FontType:TrueType
FontName:NoyhSlim-Bold
FamilyName:Noyh Slim
StyleName:Bold
FullName:Noyh Slim Bold
MenuName:Noyh Slim Bold
StyleBits:0
WritingScript:Roman
OutlineFileName:C:\Users\piesc\OneDrive\Desktop\Project Submission Dicoding\Font\Nyoh\NoyhSlim-Bold.ttf
DataFormat:sfntData
hasSVG:no
hasCOLR:no
VariableFontType:NonVariableFont
FileLength:106916
FileModTime:1624126229
WeightClass:400
WidthClass:5
AngleClass:0
NameArray:0,Mac,4,Noyh Slim Bold
NameArray:0,Win,1,Noyh Slim Bold
NameArray:0,Win,16,Noyh Slim
%EndFont

%BeginFont
Handler:DirectoryHandler
FontType:Invalid
OutlineFileName:C:\Users\piesc\OneDrive\Desktop\Project Submission Dicoding\Font\Nyoh\NoyhSlim-Bold.woff
FileModTime:1624126229
%EndFont

%BeginFont
Handler:DirectoryHandler
FontType:Invalid
OutlineFileName:C:\Users\piesc\OneDrive\Desktop\Project Submission Dicoding\Font\Nyoh\NoyhSlim-Bold.woff2
FileModTime:1624126230
%EndFont

%BeginFont
Handler:DirectoryHandler
FontType:Invalid
OutlineFileName:C:\Users\piesc\OneDrive\Desktop\Project Submission Dicoding\Font\Nyoh\NoyhSlim-BoldItalic.eot
FileModTime:1624126226
%EndFont

%BeginFont
Handler:DirectoryHandler
FontType:TrueType
FontName:NoyhSlim-BoldItalic
FamilyName:Noyh Slim
StyleName:Bold Italic
FullName:Noyh Slim Bold Italic
MenuName:Noyh Slim Bold Italic
StyleBits:0
WritingScript:Roman
OutlineFileName:C:\Users\piesc\OneDrive\Desktop\Project Submission Dicoding\Font\Nyoh\NoyhSlim-BoldItalic.ttf
DataFormat:sfntData
hasSVG:no
hasCOLR:no
VariableFontType:NonVariableFont
FileLength:91548
FileModTime:1624126226
WeightClass:400
WidthClass:5
AngleClass:0
NameArray:0,Mac,4,Noyh Slim Bold Italic
NameArray:0,Win,1,Noyh Slim Bold Italic
NameArray:0,Win,16,Noyh Slim
%EndFont

%BeginFont
Handler:DirectoryHandler
FontType:Invalid
OutlineFileName:C:\Users\piesc\OneDrive\Desktop\Project Submission Dicoding\Font\Nyoh\NoyhSlim-BoldItalic.woff
FileModTime:1624126226
%EndFont

%BeginFont
Handler:DirectoryHandler
FontType:Invalid
OutlineFileName:C:\Users\piesc\OneDrive\Desktop\Project Submission Dicoding\Font\Nyoh\NoyhSlim-BoldItalic.woff2
FileModTime:1624126227
%EndFont

%BeginFont
Handler:DirectoryHandler
FontType:Invalid
OutlineFileName:C:\Users\piesc\OneDrive\Desktop\Project Submission Dicoding\Font\Nyoh\NoyhSlim-ExtraLight.eot
FileModTime:1624126229
%EndFont

%BeginFont
Handler:DirectoryHandler
FontType:TrueType
FontName:NoyhSlim-ExtraLight
FamilyName:Noyh Slim
StyleName:ExtraLight
FullName:Noyh Slim ExtraLight
MenuName:Noyh Slim ExtraLight
StyleBits:0
WritingScript:Roman
OutlineFileName:C:\Users\piesc\OneDrive\Desktop\Project Submission Dicoding\Font\Nyoh\NoyhSlim-ExtraLight.ttf
DataFormat:sfntData
hasSVG:no
hasCOLR:no
VariableFontType:NonVariableFont
FileLength:128356
FileModTime:1624126229
WeightClass:400
WidthClass:5
AngleClass:0
NameArray:0,Mac,4,Noyh Slim ExtraLight
NameArray:0,Win,1,Noyh Slim ExtraLight
NameArray:0,Win,16,Noyh Slim
%EndFont

%BeginFont
Handler:DirectoryHandler
FontType:Invalid
OutlineFileName:C:\Users\piesc\OneDrive\Desktop\Project Submission Dicoding\Font\Nyoh\NoyhSlim-ExtraLight.woff
FileModTime:1624126229
%EndFont

%BeginFont
Handler:DirectoryHandler
FontType:Invalid
OutlineFileName:C:\Users\piesc\OneDrive\Desktop\Project Submission Dicoding\Font\Nyoh\NoyhSlim-ExtraLight.woff2
FileModTime:1624126229
%EndFont

%BeginFont
Handler:DirectoryHandler
FontType:Invalid
OutlineFileName:C:\Users\piesc\OneDrive\Desktop\Project Submission Dicoding\Font\Nyoh\NoyhSlim-ExtraLightItalic.eot
FileModTime:1624126224
%EndFont

%BeginFont
Handler:DirectoryHandler
FontType:TrueType
FontName:NoyhSlim-ExtraLightItalic
FamilyName:Noyh Slim
StyleName:ExtraLight Italic
FullName:Noyh Slim ExtraLight Italic
MenuName:Noyh Slim ExtraLight Italic
StyleBits:0
WritingScript:Roman
OutlineFileName:C:\Users\piesc\OneDrive\Desktop\Project Submission Dicoding\Font\Nyoh\NoyhSlim-ExtraLightItalic.ttf
DataFormat:sfntData
hasSVG:no
hasCOLR:no
VariableFontType:NonVariableFont
FileLength:103908
FileModTime:1624126224
WeightClass:400
WidthClass:5
AngleClass:0
NameArray:0,Mac,4,Noyh Slim ExtraLight Italic
NameArray:0,Win,1,Noyh Slim ExtraLight Italic
NameArray:0,Win,16,Noyh Slim
%EndFont

%BeginFont
Handler:DirectoryHandler
FontType:Invalid
OutlineFileName:C:\Users\piesc\OneDrive\Desktop\Project Submission Dicoding\Font\Nyoh\NoyhSlim-ExtraLightItalic.woff
FileModTime:1624126224
%EndFont

%BeginFont
Handler:DirectoryHandler
FontType:Invalid
OutlineFileName:C:\Users\piesc\OneDrive\Desktop\Project Submission Dicoding\Font\Nyoh\NoyhSlim-ExtraLightItalic.woff2
FileModTime:1624126224
%EndFont

%BeginFont
Handler:DirectoryHandler
FontType:Invalid
OutlineFileName:C:\Users\piesc\OneDrive\Desktop\Project Submission Dicoding\Font\Nyoh\NoyhSlim-Heavy.eot
FileModTime:1624126228
%EndFont

%BeginFont
Handler:DirectoryHandler
FontType:TrueType
FontName:NoyhSlim-Heavy
FamilyName:Noyh Slim
StyleName:Heavy
FullName:Noyh Slim Heavy
MenuName:Noyh Slim Heavy
StyleBits:0
WritingScript:Roman
OutlineFileName:C:\Users\piesc\OneDrive\Desktop\Project Submission Dicoding\Font\Nyoh\NoyhSlim-Heavy.ttf
DataFormat:sfntData
hasSVG:no
hasCOLR:no
VariableFontType:NonVariableFont
FileLength:108824
FileModTime:1624126228
WeightClass:400
WidthClass:5
AngleClass:0
NameArray:0,Mac,4,Noyh Slim Heavy
NameArray:0,Win,1,Noyh Slim Heavy
NameArray:0,Win,16,Noyh Slim
%EndFont

%BeginFont
Handler:DirectoryHandler
FontType:Invalid
OutlineFileName:C:\Users\piesc\OneDrive\Desktop\Project Submission Dicoding\Font\Nyoh\NoyhSlim-Heavy.woff
FileModTime:1624126228
%EndFont

%BeginFont
Handler:DirectoryHandler
FontType:Invalid
OutlineFileName:C:\Users\piesc\OneDrive\Desktop\Project Submission Dicoding\Font\Nyoh\NoyhSlim-Heavy.woff2
FileModTime:1624126228
%EndFont

%BeginFont
Handler:DirectoryHandler
FontType:Invalid
OutlineFileName:C:\Users\piesc\OneDrive\Desktop\Project Submission Dicoding\Font\Nyoh\NoyhSlim-HeavyItalic.eot
FileModTime:1624126227
%EndFont

%BeginFont
Handler:DirectoryHandler
FontType:TrueType
FontName:NoyhSlim-HeavyItalic
FamilyName:Noyh Slim
StyleName:Heavy Italic
FullName:Noyh Slim Heavy Italic
MenuName:Noyh Slim Heavy Italic
StyleBits:0
WritingScript:Roman
OutlineFileName:C:\Users\piesc\OneDrive\Desktop\Project Submission Dicoding\Font\Nyoh\NoyhSlim-HeavyItalic.ttf
DataFormat:sfntData
hasSVG:no
hasCOLR:no
VariableFontType:NonVariableFont
FileLength:95004
FileModTime:1624126227
WeightClass:400
WidthClass:5
AngleClass:0
NameArray:0,Mac,4,Noyh Slim Heavy Italic
NameArray:0,Win,1,Noyh Slim Heavy Italic
NameArray:0,Win,16,Noyh Slim
%EndFont

%BeginFont
Handler:DirectoryHandler
FontType:Invalid
OutlineFileName:C:\Users\piesc\OneDrive\Desktop\Project Submission Dicoding\Font\Nyoh\NoyhSlim-HeavyItalic.woff
FileModTime:1624126227
%EndFont

%BeginFont
Handler:DirectoryHandler
FontType:Invalid
OutlineFileName:C:\Users\piesc\OneDrive\Desktop\Project Submission Dicoding\Font\Nyoh\NoyhSlim-HeavyItalic.woff2
FileModTime:1624126228
%EndFont

%BeginFont
Handler:DirectoryHandler
FontType:Invalid
OutlineFileName:C:\Users\piesc\OneDrive\Desktop\Project Submission Dicoding\Font\Nyoh\NoyhSlim-Italic.eot
FileModTime:1624126225
%EndFont

%BeginFont
Handler:DirectoryHandler
FontType:TrueType
FontName:NoyhSlim-Italic
FamilyName:Noyh Slim
StyleName:Italic
FullName:Noyh Slim Italic
MenuName:Noyh Slim Italic
StyleBits:0
WritingScript:Roman
OutlineFileName:C:\Users\piesc\OneDrive\Desktop\Project Submission Dicoding\Font\Nyoh\NoyhSlim-Italic.ttf
DataFormat:sfntData
hasSVG:no
hasCOLR:no
VariableFontType:NonVariableFont
FileLength:93620
FileModTime:1624126225
WeightClass:400
WidthClass:5
AngleClass:0
NameArray:0,Mac,4,Noyh Slim Italic
NameArray:0,Win,1,Noyh Slim Italic
NameArray:0,Win,16,Noyh Slim
%EndFont

%BeginFont
Handler:DirectoryHandler
FontType:Invalid
OutlineFileName:C:\Users\piesc\OneDrive\Desktop\Project Submission Dicoding\Font\Nyoh\NoyhSlim-Italic.woff
FileModTime:1624126225
%EndFont

%BeginFont
Handler:DirectoryHandler
FontType:Invalid
OutlineFileName:C:\Users\piesc\OneDrive\Desktop\Project Submission Dicoding\Font\Nyoh\NoyhSlim-Italic.woff2
FileModTime:1624126225
%EndFont

%BeginFont
Handler:DirectoryHandler
FontType:Invalid
OutlineFileName:C:\Users\piesc\OneDrive\Desktop\Project Submission Dicoding\Font\Nyoh\NoyhSlim-Light.eot
FileModTime:1624126230
%EndFont

%BeginFont
Handler:DirectoryHandler
FontType:TrueType
FontName:NoyhSlim-Light
FamilyName:Noyh Slim
StyleName:Light
FullName:Noyh Slim Light
MenuName:Noyh Slim Light
StyleBits:0
WritingScript:Roman
OutlineFileName:C:\Users\piesc\OneDrive\Desktop\Project Submission Dicoding\Font\Nyoh\NoyhSlim-Light.ttf
DataFormat:sfntData
hasSVG:no
hasCOLR:no
VariableFontType:NonVariableFont
FileLength:124672
FileModTime:1624126230
WeightClass:400
WidthClass:5
AngleClass:0
NameArray:0,Mac,4,Noyh Slim Light
NameArray:0,Win,1,Noyh Slim Light
NameArray:0,Win,16,Noyh Slim
%EndFont

%BeginFont
Handler:DirectoryHandler
FontType:Invalid
OutlineFileName:C:\Users\piesc\OneDrive\Desktop\Project Submission Dicoding\Font\Nyoh\NoyhSlim-Light.woff
FileModTime:1624126230
%EndFont

%BeginFont
Handler:DirectoryHandler
FontType:Invalid
OutlineFileName:C:\Users\piesc\OneDrive\Desktop\Project Submission Dicoding\Font\Nyoh\NoyhSlim-Light.woff2
FileModTime:1624126230
%EndFont

%BeginFont
Handler:DirectoryHandler
FontType:Invalid
OutlineFileName:C:\Users\piesc\OneDrive\Desktop\Project Submission Dicoding\Font\Nyoh\NoyhSlim-LightItalic.eot
FileModTime:1624126226
%EndFont

%BeginFont
Handler:DirectoryHandler
FontType:TrueType
FontName:NoyhSlim-LightItalic
FamilyName:Noyh Slim
StyleName:Light Italic
FullName:Noyh Slim Light Italic
MenuName:Noyh Slim Light Italic
StyleBits:0
WritingScript:Roman
OutlineFileName:C:\Users\piesc\OneDrive\Desktop\Project Submission Dicoding\Font\Nyoh\NoyhSlim-LightItalic.ttf
DataFormat:sfntData
hasSVG:no
hasCOLR:no
VariableFontType:NonVariableFont
FileLength:99724
FileModTime:1624126226
WeightClass:400
WidthClass:5
AngleClass:0
NameArray:0,Mac,4,Noyh Slim Light Italic
NameArray:0,Win,1,Noyh Slim Light Italic
NameArray:0,Win,16,Noyh Slim
%EndFont

%BeginFont
Handler:DirectoryHandler
FontType:Invalid
OutlineFileName:C:\Users\piesc\OneDrive\Desktop\Project Submission Dicoding\Font\Nyoh\NoyhSlim-LightItalic.woff
FileModTime:1624126226
%EndFont

%BeginFont
Handler:DirectoryHandler
FontType:Invalid
OutlineFileName:C:\Users\piesc\OneDrive\Desktop\Project Submission Dicoding\Font\Nyoh\NoyhSlim-LightItalic.woff2
FileModTime:1624126226
%EndFont

%BeginFont
Handler:DirectoryHandler
FontType:Invalid
OutlineFileName:C:\Users\piesc\OneDrive\Desktop\Project Submission Dicoding\Font\Nyoh\NoyhSlim-Medium.eot
FileModTime:1624126225
%EndFont

%BeginFont
Handler:DirectoryHandler
FontType:TrueType
FontName:NoyhSlim-Medium
FamilyName:Noyh Slim
StyleName:Medium
FullName:Noyh Slim Medium
MenuName:Noyh Slim Medium
StyleBits:0
WritingScript:Roman
OutlineFileName:C:\Users\piesc\OneDrive\Desktop\Project Submission Dicoding\Font\Nyoh\NoyhSlim-Medium.ttf
DataFormat:sfntData
hasSVG:no
hasCOLR:no
VariableFontType:NonVariableFont
FileLength:107056
FileModTime:1624126225
WeightClass:400
WidthClass:5
AngleClass:0
NameArray:0,Mac,4,Noyh Slim Medium
NameArray:0,Win,1,Noyh Slim Medium
NameArray:0,Win,16,Noyh Slim
%EndFont

%BeginFont
Handler:DirectoryHandler
FontType:Invalid
OutlineFileName:C:\Users\piesc\OneDrive\Desktop\Project Submission Dicoding\Font\Nyoh\NoyhSlim-Medium.woff
FileModTime:1624126225
%EndFont

%BeginFont
Handler:DirectoryHandler
FontType:Invalid
OutlineFileName:C:\Users\piesc\OneDrive\Desktop\Project Submission Dicoding\Font\Nyoh\NoyhSlim-Medium.woff2
FileModTime:1624126225
%EndFont

%BeginFont
Handler:DirectoryHandler
FontType:Invalid
OutlineFileName:C:\Users\piesc\OneDrive\Desktop\Project Submission Dicoding\Font\Nyoh\NoyhSlim-MediumItalic.eot
FileModTime:1624126226
%EndFont

%BeginFont
Handler:DirectoryHandler
FontType:TrueType
FontName:NoyhSlim-MediumItalic
FamilyName:Noyh Slim
StyleName:Medium Italic
FullName:Noyh Slim Medium Italic
MenuName:Noyh Slim Medium Italic
StyleBits:0
WritingScript:Roman
OutlineFileName:C:\Users\piesc\OneDrive\Desktop\Project Submission Dicoding\Font\Nyoh\NoyhSlim-MediumItalic.ttf
DataFormat:sfntData
hasSVG:no
hasCOLR:no
VariableFontType:NonVariableFont
FileLength:92148
FileModTime:1624126226
WeightClass:400
WidthClass:5
AngleClass:0
NameArray:0,Mac,4,Noyh Slim Medium Italic
NameArray:0,Win,1,Noyh Slim Medium Italic
NameArray:0,Win,16,Noyh Slim
%EndFont

%BeginFont
Handler:DirectoryHandler
FontType:Invalid
OutlineFileName:C:\Users\piesc\OneDrive\Desktop\Project Submission Dicoding\Font\Nyoh\NoyhSlim-MediumItalic.woff
FileModTime:1624126226
%EndFont

%BeginFont
Handler:DirectoryHandler
FontType:Invalid
OutlineFileName:C:\Users\piesc\OneDrive\Desktop\Project Submission Dicoding\Font\Nyoh\NoyhSlim-MediumItalic.woff2
FileModTime:1624126226
%EndFont

%BeginFont
Handler:DirectoryHandler
FontType:Invalid
OutlineFileName:C:\Users\piesc\OneDrive\Desktop\Project Submission Dicoding\Font\Nyoh\NoyhSlim-Regular.eot
FileModTime:1624126230
%EndFont

%BeginFont
Handler:DirectoryHandler
FontType:TrueType
FontName:NoyhSlim-Regular
FamilyName:Noyh Slim
StyleName:Regular
FullName:Noyh Slim 
MenuName:Noyh Slim 
StyleBits:0
WritingScript:Roman
OutlineFileName:C:\Users\piesc\OneDrive\Desktop\Project Submission Dicoding\Font\Nyoh\NoyhSlim-Regular.ttf
DataFormat:sfntData
hasSVG:no
hasCOLR:no
VariableFontType:NonVariableFont
FileLength:109812
FileModTime:1624126230
WeightClass:400
WidthClass:5
AngleClass:0
NameArray:0,Mac,4,Noyh Slim 
NameArray:0,Win,1,Noyh Slim 
NameArray:0,Win,16,Noyh Slim
%EndFont

%BeginFont
Handler:DirectoryHandler
FontType:Invalid
OutlineFileName:C:\Users\piesc\OneDrive\Desktop\Project Submission Dicoding\Font\Nyoh\NoyhSlim-Regular.woff
FileModTime:1624126230
%EndFont

%BeginFont
Handler:DirectoryHandler
FontType:Invalid
OutlineFileName:C:\Users\piesc\OneDrive\Desktop\Project Submission Dicoding\Font\Nyoh\NoyhSlim-Regular.woff2
FileModTime:1624126231
%EndFont

%BeginFont
Handler:DirectoryHandler
FontType:Invalid
OutlineFileName:C:\Users\piesc\OneDrive\Desktop\Project Submission Dicoding\Font\Nyoh\NoyhSlim-SemiLight.eot
FileModTime:1624126227
%EndFont

%BeginFont
Handler:DirectoryHandler
FontType:TrueType
FontName:NoyhSlim-SemiLight
FamilyName:Noyh Slim
StyleName:SemiLight
FullName:Noyh Slim SemiLight
MenuName:Noyh Slim SemiLight
StyleBits:0
WritingScript:Roman
OutlineFileName:C:\Users\piesc\OneDrive\Desktop\Project Submission Dicoding\Font\Nyoh\NoyhSlim-SemiLight.ttf
DataFormat:sfntData
hasSVG:no
hasCOLR:no
VariableFontType:NonVariableFont
FileLength:117840
FileModTime:1624126227
WeightClass:400
WidthClass:5
AngleClass:0
NameArray:0,Mac,4,Noyh Slim SemiLight
NameArray:0,Win,1,Noyh Slim SemiLight
NameArray:0,Win,16,Noyh Slim
%EndFont

%BeginFont
Handler:DirectoryHandler
FontType:Invalid
OutlineFileName:C:\Users\piesc\OneDrive\Desktop\Project Submission Dicoding\Font\Nyoh\NoyhSlim-SemiLight.woff
FileModTime:1624126227
%EndFont

%BeginFont
Handler:DirectoryHandler
FontType:Invalid
OutlineFileName:C:\Users\piesc\OneDrive\Desktop\Project Submission Dicoding\Font\Nyoh\NoyhSlim-SemiLight.woff2
FileModTime:1624126227
%EndFont

%BeginFont
Handler:DirectoryHandler
FontType:Invalid
OutlineFileName:C:\Users\piesc\OneDrive\Desktop\Project Submission Dicoding\Font\Nyoh\NoyhSlim-SemiLightItalic.eot
FileModTime:1624126229
%EndFont

%BeginFont
Handler:DirectoryHandler
FontType:TrueType
FontName:NoyhSlim-SemiLightItalic
FamilyName:Noyh Slim
StyleName:SemiLight Italic
FullName:Noyh Slim SemiLight Italic
MenuName:Noyh Slim SemiLight Italic
StyleBits:0
WritingScript:Roman
OutlineFileName:C:\Users\piesc\OneDrive\Desktop\Project Submission Dicoding\Font\Nyoh\NoyhSlim-SemiLightItalic.ttf
DataFormat:sfntData
hasSVG:no
hasCOLR:no
VariableFontType:NonVariableFont
FileLength:93896
FileModTime:1624126229
WeightClass:400
WidthClass:5
AngleClass:0
NameArray:0,Mac,4,Noyh Slim SemiLight Italic
NameArray:0,Win,1,Noyh Slim SemiLight Italic
NameArray:0,Win,16,Noyh Slim
%EndFont

%BeginFont
Handler:DirectoryHandler
FontType:Invalid
OutlineFileName:C:\Users\piesc\OneDrive\Desktop\Project Submission Dicoding\Font\Nyoh\NoyhSlim-SemiLightItalic.woff
FileModTime:1624126229
%EndFont

%BeginFont
Handler:DirectoryHandler
FontType:Invalid
OutlineFileName:C:\Users\piesc\OneDrive\Desktop\Project Submission Dicoding\Font\Nyoh\NoyhSlim-SemiLightItalic.woff2
FileModTime:1624126229
%EndFont

%BeginFont
Handler:DirectoryHandler
FontType:Invalid
OutlineFileName:C:\Users\piesc\OneDrive\Desktop\Project Submission Dicoding\Font\Nyoh\NoyhSlim-Thin.eot
FileModTime:1624126231
%EndFont

%BeginFont
Handler:DirectoryHandler
FontType:TrueType
FontName:NoyhSlim-Thin
FamilyName:Noyh Slim
StyleName:Thin
FullName:Noyh Slim Thin
MenuName:Noyh Slim Thin
StyleBits:0
WritingScript:Roman
OutlineFileName:C:\Users\piesc\OneDrive\Desktop\Project Submission Dicoding\Font\Nyoh\NoyhSlim-Thin.ttf
DataFormat:sfntData
hasSVG:no
hasCOLR:no
VariableFontType:NonVariableFont
FileLength:99012
FileModTime:1624126231
WeightClass:400
WidthClass:5
AngleClass:0
NameArray:0,Mac,4,Noyh Slim Thin
NameArray:0,Win,1,Noyh Slim Thin
NameArray:0,Win,16,Noyh Slim
%EndFont

%BeginFont
Handler:DirectoryHandler
FontType:Invalid
OutlineFileName:C:\Users\piesc\OneDrive\Desktop\Project Submission Dicoding\Font\Nyoh\NoyhSlim-Thin.woff
FileModTime:1624126231
%EndFont

%BeginFont
Handler:DirectoryHandler
FontType:Invalid
OutlineFileName:C:\Users\piesc\OneDrive\Desktop\Project Submission Dicoding\Font\Nyoh\NoyhSlim-Thin.woff2
FileModTime:1624126232
%EndFont

%BeginFont
Handler:DirectoryHandler
FontType:Invalid
OutlineFileName:C:\Users\piesc\OneDrive\Desktop\Project Submission Dicoding\Font\Nyoh\NoyhSlim-ThinItalic.eot
FileModTime:1624126231
%EndFont

%BeginFont
Handler:DirectoryHandler
FontType:TrueType
FontName:NoyhSlim-ThinItalic
FamilyName:Noyh Slim
StyleName:Thin Italic
FullName:Noyh Slim Thin Italic
MenuName:Noyh Slim Thin Italic
StyleBits:0
WritingScript:Roman
OutlineFileName:C:\Users\piesc\OneDrive\Desktop\Project Submission Dicoding\Font\Nyoh\NoyhSlim-ThinItalic.ttf
DataFormat:sfntData
hasSVG:no
hasCOLR:no
VariableFontType:NonVariableFont
FileLength:98536
FileModTime:1624126231
WeightClass:400
WidthClass:5
AngleClass:0
NameArray:0,Mac,4,Noyh Slim Thin Italic
NameArray:0,Win,1,Noyh Slim Thin Italic
NameArray:0,Win,16,Noyh Slim
%EndFont

%BeginFont
Handler:DirectoryHandler
FontType:Invalid
OutlineFileName:C:\Users\piesc\OneDrive\Desktop\Project Submission Dicoding\Font\Nyoh\NoyhSlim-ThinItalic.woff
FileModTime:1624126231
%EndFont

%BeginFont
Handler:DirectoryHandler
FontType:Invalid
OutlineFileName:C:\Users\piesc\OneDrive\Desktop\Project Submission Dicoding\Font\Nyoh\NoyhSlim-ThinItalic.woff2
FileModTime:1624126231
%EndFont

%BeginFont
Handler:DirectoryHandler
FontType:Invalid
OutlineFileName:C:\Users\piesc\OneDrive\Desktop\Project Submission Dicoding\Font\Nyoh\demo.html
FileModTime:1624126232
%EndFont

%BeginFont
Handler:DirectoryHandler
FontType:Invalid
OutlineFileName:C:\Users\piesc\OneDrive\Desktop\Project Submission Dicoding\Font\Nyoh\stylesheet.css
FileModTime:1624126232
%EndFont

%BeginFont
Handler:DirectoryHandler
FontType:Type1
FontName:CynthoNext-Bold
FamilyName:Cyntho Next
StyleName:Bold
FullName:Cyntho Next Bold
MenuName:Cyntho Next Bold
StyleBits:2
WritingScript:Roman
OutlineFileName:C:\Users\piesc\OneDrive\Desktop\Project Submission Dicoding\Font\cyntho-next-cufonfonts\CynthoNextBold.otf
DataFormat:sfntData
UsesStandardEncoding:yes
isCFF:yes
hasSVG:no
hasCOLR:no
VariableFontType:NonVariableFont
FileLength:103908
FileModTime:1644012052
WeightClass:700
WidthClass:5
AngleClass:0
NameArray:0,Mac,4,Cyntho Next Bold
NameArray:0,Win,1,Cyntho Next Bold
NameArray:0,Win,16,Cyntho Next
%EndFont

%BeginFont
Handler:DirectoryHandler
FontType:Type1
FontName:CynthoNext-ExtraBold
FamilyName:Cyntho Next
StyleName:ExtraBold
FullName:Cyntho Next ExtraBold
MenuName:Cyntho Next ExtraBold
StyleBits:2
WritingScript:Roman
OutlineFileName:C:\Users\piesc\OneDrive\Desktop\Project Submission Dicoding\Font\cyntho-next-cufonfonts\CynthoNextExtraBold.otf
DataFormat:sfntData
UsesStandardEncoding:yes
isCFF:yes
hasSVG:no
hasCOLR:no
VariableFontType:NonVariableFont
FileLength:104256
FileModTime:1644012052
WeightClass:800
WidthClass:5
AngleClass:0
NameArray:0,Mac,4,Cyntho Next ExtraBold
NameArray:0,Win,1,Cyntho Next ExtraBold
NameArray:0,Win,16,Cyntho Next
%EndFont

%BeginFont
Handler:DirectoryHandler
FontType:Type1
FontName:CynthoNext-ExtraLight
FamilyName:Cyntho Next
StyleName:ExtraLight
FullName:Cyntho Next ExtraLight
MenuName:Cyntho Next ExtraLight
StyleBits:0
WritingScript:Roman
OutlineFileName:C:\Users\piesc\OneDrive\Desktop\Project Submission Dicoding\Font\cyntho-next-cufonfonts\CynthoNextExtraLight.otf
DataFormat:sfntData
UsesStandardEncoding:yes
isCFF:yes
hasSVG:no
hasCOLR:no
VariableFontType:NonVariableFont
FileLength:102988
FileModTime:1644012052
WeightClass:300
WidthClass:5
AngleClass:0
NameArray:0,Mac,4,Cyntho Next ExtraLight
NameArray:0,Win,1,Cyntho Next ExtraLight
NameArray:0,Win,16,Cyntho Next
%EndFont

%BeginFont
Handler:DirectoryHandler
FontType:Type1
FontName:CynthoNext-Light
FamilyName:Cyntho Next
StyleName:Light
FullName:Cyntho Next Light
MenuName:Cyntho Next Light
StyleBits:0
WritingScript:Roman
OutlineFileName:C:\Users\piesc\OneDrive\Desktop\Project Submission Dicoding\Font\cyntho-next-cufonfonts\CynthoNextLight.otf
DataFormat:sfntData
UsesStandardEncoding:yes
isCFF:yes
hasSVG:no
hasCOLR:no
VariableFontType:NonVariableFont
FileLength:104452
FileModTime:1644012052
WeightClass:300
WidthClass:5
AngleClass:0
NameArray:0,Mac,4,Cyntho Next Light
NameArray:0,Win,1,Cyntho Next Light
NameArray:0,Win,16,Cyntho Next
%EndFont

%BeginFont
Handler:DirectoryHandler
FontType:Type1
FontName:CynthoNext-Medium
FamilyName:Cyntho Next
StyleName:Medium
FullName:Cyntho Next Medium
MenuName:Cyntho Next Medium
StyleBits:0
WritingScript:Roman
OutlineFileName:C:\Users\piesc\OneDrive\Desktop\Project Submission Dicoding\Font\cyntho-next-cufonfonts\CynthoNextMedium.otf
DataFormat:sfntData
UsesStandardEncoding:yes
isCFF:yes
hasSVG:no
hasCOLR:no
VariableFontType:NonVariableFont
FileLength:104536
FileModTime:1644012052
WeightClass:500
WidthClass:5
AngleClass:0
NameArray:0,Mac,4,Cyntho Next Medium
NameArray:0,Win,1,Cyntho Next Medium
NameArray:0,Win,16,Cyntho Next
%EndFont

%BeginFont
Handler:DirectoryHandler
FontType:Type1
FontName:CynthoNext-Regular
FamilyName:Cyntho Next
StyleName:Regular
FullName:Cyntho Next Regular
MenuName:Cyntho Next
StyleBits:0
WritingScript:Roman
OutlineFileName:C:\Users\piesc\OneDrive\Desktop\Project Submission Dicoding\Font\cyntho-next-cufonfonts\CynthoNextRegular.otf
DataFormat:sfntData
UsesStandardEncoding:yes
isCFF:yes
hasSVG:no
hasCOLR:no
VariableFontType:NonVariableFont
FileLength:104836
FileModTime:1644012052
WeightClass:400
WidthClass:5
AngleClass:0
NameArray:0,Mac,4,Cyntho Next Regular
NameArray:0,Win,1,Cyntho Next
%EndFont

%BeginFont
Handler:DirectoryHandler
FontType:Type1
FontName:CynthoNext-SemiBold
FamilyName:Cyntho Next
StyleName:SemiBold
FullName:Cyntho Next SemiBold
MenuName:Cyntho Next SemiBold
StyleBits:2
WritingScript:Roman
OutlineFileName:C:\Users\piesc\OneDrive\Desktop\Project Submission Dicoding\Font\cyntho-next-cufonfonts\CynthoNextSemiBold.otf
DataFormat:sfntData
UsesStandardEncoding:yes
isCFF:yes
hasSVG:no
hasCOLR:no
VariableFontType:NonVariableFont
FileLength:105116
FileModTime:1644012052
WeightClass:600
WidthClass:5
AngleClass:0
NameArray:0,Mac,4,Cyntho Next SemiBold
NameArray:0,Win,1,Cyntho Next SemiBold
NameArray:0,Win,16,Cyntho Next
%EndFont

%BeginFont
Handler:DirectoryHandler
FontType:Type1
FontName:CynthoNext-Thin
FamilyName:Cyntho Next
StyleName:Thin
FullName:Cyntho Next Thin
MenuName:Cyntho Next Thin
StyleBits:0
WritingScript:Roman
OutlineFileName:C:\Users\piesc\OneDrive\Desktop\Project Submission Dicoding\Font\cyntho-next-cufonfonts\CynthoNextThin.otf
DataFormat:sfntData
UsesStandardEncoding:yes
isCFF:yes
hasSVG:no
hasCOLR:no
VariableFontType:NonVariableFont
FileLength:101484
FileModTime:1644012052
WeightClass:265
WidthClass:5
AngleClass:0
NameArray:0,Mac,4,Cyntho Next Thin
NameArray:0,Win,1,Cyntho Next Thin
NameArray:0,Win,16,Cyntho Next
%EndFont

